
ATARI LINKM V05.00 LOAD MAP   27-AUG-81   16:46:53 
BIN:ALEXEC.SAV 

BIN:ALEXEC,ALEXEC.XX=OBJ:ALWELG,ALSCOR,ALDISP,ALEXEC,ALSOUN,ALVROM/C
ALCOIN,ALLANG,ALHARD,ALTEST,ALEARO,ALVGUT

File Summary:
    Name	Module	Ident	Creation Date/Time
OBJ:ALWELG      ALWELG          27-AUG-81  16:18:15
OBJ:ALSCOR      ALSCOR          27-AUG-81  16:22:21
OBJ:ALDISP      ALDISP          27-AUG-81  16:24:09
OBJ:ALEXEC      ALEXEC          27-AUG-81  16:27:32
OBJ:ALSOUN      ALSOUN          27-AUG-81  16:28:45
OBJ:ALVROM      ALVROM          27-AUG-81  16:30:04
DK1:ALCOIN      ALCOIN          27-AUG-81  16:37:02
DK1:ALLANG      ALLANG          27-AUG-81  16:38:06
DK1:ALHARD      ALHARD          27-AUG-81  16:42:36
DK1:ALTEST      ALTEST          27-AUG-81  16:43:23
DK1:ALEARO      ALEARO          27-AUG-81  16:44:50
DK1:ALVGUT      ALVGUT          27-AUG-81  16:45:41

Section Summary:
 Name   Addr   Size   Attributes     References (Files):
. ABS.  0000   A8B0   ABS,OVR      ALWELG  ALSCOR  ALDISP  ALEXEC  ALSOUN  
                                   ALVROM  ALCOIN  ALLANG  ALHARD  ALTEST  
                                   ALEARO  ALVGUT  
        A8B0   0906   REL,CON      ALSCOR  
        B1B6   15EA   REL,CON      ALDISP  
        C7A0   0361   REL,CON      ALEXEC  
        CB01   02DD   REL,CON      ALSOUN  
        CDDE   0146   REL,CON      ALVROM  
        CF24   010D   REL,CON      ALCOIN  
        D031   06D2   REL,CON      ALLANG  
        D703   00DE   REL,CON      ALHARD  
        D7E1   05FC   REL,CON      ALTEST  
        DDDD   012C   REL,CON      ALEARO  
        DF09   00D3   REL,CON      ALVGUT  

Global Symbol Summary:
 Name   Value   Name   Value   Name   Value   Name   Value   Name   Value  
BCCURS  0007   BUFBSL  CE7A   COCFLI  CA48   EASING  346E   HISCHK  AC3F   
BCENEL  0001   BUFSWH  CE8D   COCMSG  3482   EAUPD   DE1B   HISLOC  CDE4   
BCEXPL  0006   BUFSWL  CE8C   CPEXPL  CCB0   EAZBOO  DDE9   HYSTER  3456   
BCINFO  0000   CCEXPL  CCC1   CPSPXI  FFFF   EAZERO  DDF1   INBOOM  A789   
BCINVA  0003   CHEKER  334E   DGOVER  AA62   EAZFLG  01C6   INEWAV  9009   
BCNYMP  0005   CHKSMA  D703   DIGITS  DFB2   EAZHIS  DDED   INEWLI  9025   
BCSHOT  0004   CHKSMB  DDDC   DIGTYS  DFB1   ENGMSG  D031   INFO    A8B4   
BCSTAR  0008   CHKSM0  326A   DISPLA  B1B6   ESLSON  CCBD   INICHK  ABA2   
BCWELL  0002   CHKSM1  3FFE   DPLPLA  AA5A   EXSNON  CCC1   INICOL  C196   
BFASTA  CE6E   CHKSM2  9008   DPRSTA  AA6F   FPSPXI  0009   INIDSP  C16E   
BFBSTA  CE86   CHKSM3  9D05   DSPCRD  AAA8   GAMSTA  AC20   INIINI  ABAC   
BOKLIT  3DCE   CHKSM4  A462   DSPHOL  C4E1   GETCUR  B0AB   INILIT  D6BB   
BOLOUT  AECA   CHKSM5  A8AF   DSPSYS  D804   GETDSP  ADEA   INIRAT  9108   
BONDRY  34A6   CHKSM6  B497   D07MSK  CA40   GETINI  AD6E   INIRA0  90C4   
BONSCO  91B5   CHKSM7  BCFC   D2GAME  AA79   GETOP3  DBE0   INISOU  CD95   
BOXPRO  B102   CHKSM8  C472   D70MSK  CA38   GINICO  ADCE   INITEM  AA13   
BUFASH  CE69   CHKSM9  CCAF   EABAD   01C9   HALF    325C   INTEST  32B6   
BUFASL  CE68   CIEXPL  CCC1   EAFLG   01CA   HATCH   330A   INVERS  CDDE   
BUFBSH  CE7B   CLRSCO  CA62   EAREQU  01C7   HIILOC  CDE5   INVEXP  CDDE   

ATARI LINKM V05.00 LOAD MAP   27-AUG-81   16:46:53 
BIN:ALEXEC.SAV 

IPEXPL  CCB0   MODSND  CD0A   PTSPLF  003C   SSLAMS  CCFA   ZATC1S  B19C   
JMPAHI  CE9F   MOOLAH  CF24   PTSTR1  000A   SWAPEN  92B2   ZATC2C  000A   
JMPALO  CE9E   MOVCUR  9749   PTTANF  004C   SWAPVG  B944   ZATC2S  AF93   
JMPBHI  CEB1   MPLAY   0008   PTTANK  001A   SYSOPT  3F16   ZATC3C  0013   
JMPBLO  CEB0   MPLAYR  0002   PTTANP  004A   SYSTEM  D7E1   ZATC3S  AE06   
JMPMAH  CEC3   MPLYR2  0004   PULSTO  CD06   S3SWAR  CCFE   ZATC4C  000A   
JMPMAL  CEC2   MPRESS  0006   PULSTR  CD02   UPSCOR  CA6C   ZATC4S  AACE   
JSRDOT  3DB2   MPRFIR  000E   QCHKSA  007C   VGADD   DF5F   ZATC4V  A91C   
KILLER  3FF2   MPRMOV  000C   QCHKSB  00EE   VGADD2  DF57   ZATLIC  0010   
LDRDSP  AE1C   MRANK   0012   QCHKS0  002A   VGADD3  DF59   ZATLIS  D575   
LEVEL   91FE   MRATE   0014   QCHKS1  0069   VGBRIT  0073   ZATLIV  AEE3   
LIFEY   326C   MSGLBS  D121   QCHKS2  004D   VGCNTR  DF53   ZATVG1  B279   
LIFE1   326E   MSGS    AB14   QCHKS3  0016   VGDOT   B56A   ZATVG2  B1DA   
LIVLOC  CDE0   MSPIKE  0036   QCHKS4  00AB   VGHALT  DF0D   ZPOKST  CDA0   
LOGINI  B0E7   MSUPZA  003A   QCHKS5  00B2   VGHEX   DF1F   ZPONTS  AE1F   
LOGPRO  B131   MTIME   001C   QCHKS6  001E   VGHEXZ  DF19   ZQATLI  B557   
LSYMBL  3284   M2GAME  0032   QCHKS7  003E   VGJSRL  DF39   ZQPOKS  B7D6   
LSYMB0  3286   NEWAV2  904B   QCHKS8  00DB   VGLIST  0074   ZQPONS  C5B1   
MAINLN  C7A0   NWSNON  CCE9   QCHKS9  0000   VGMSGA  31E4   ZQVAVG  A581   
MAPROA  0038   PICHI   CEC9   REHIIN  DE11   VGRTSL  DF09   ZSECL0  AB26   
MATARI  002C   PICLO   CEC8   RESET   D93F   VGSCAL  DF6C   $BC     0018   
MBOLIF  0034   PICLSB  CDDE   ROMRPI  3492   VGSCA1  DF6A   $BCCNT  0016   
MBONPT  0030   PICMSB  CDDF   RQRDSP  AF81   VGSIZE  0072   $CCTIM  0013   
MBONUS  001A   PLAY    970B   SAUSON  CCB9   VGSTAT  DF4C   $CMODE  0009   
MCMODE  0024   PLDROP  9729   SBOING  CCB5   VGSTA1  DF4A   $CNCT   0017   
MCMOD1  0026   PPSPXI  0007   SCALE   2FFC   VGVCTR  DF92   $CNSTT  000D   
MCMOD2  0028   PRBOOM  A618   SCALOC  CDDE   VGVTR   DF73   $COINA  0008   
MCMOD3  002A   PRORAT  9149   SCECOU  CE66   VGVTR1  DF75   $INTCT  0007   
MCREDI  002E   PRSTAR  A7D2   SCLEVE  2FA6   VGVTR2  DF90   $LAM    0008   
MENTER  000A   PTCURS  0008   SCOBUF  2F60   VGYABS  C772   $LMBIT  0008   
MEXPER  0018   PTESHO  0020   SCOLOC  CDE2   VGYAB1  C765   $LMTIM  000C   
MGAMOV  0000   PTEXP1  0000   SCORES  CDE6   VORBOX  34AA   $PSTSL  0010   
MHIGHS  0010   PTFUSE  004E   SELICO  CCF6   VORLIT  3F4E   $$CRDT  0006   
MHOLE   0020   PTFUSX  0056   SLAUNC  CCEA   WRBOOK  DDFB   
MINSER  0022   PTSPAR  001C   SNDON   CCC3   WRHIIN  DDF7   
MLEVEL  001E   PTSPI1  0012   SOUTS2  CCEE   XCOMP   006E   
MNOVIC  0016   PTSPLA  0028   SOUTS3  CCF2   ZATC1C  0017   

Low limit = 0000   High limit = DFDC   
