
ATARI LINKM V05.00 LOAD MAP   1-SEP-81    11:23:50 
BIN:BZONE.SAV 


BIN:BZONE,BZONE.XX=OBJ:BZMTNS,BZONE,BZSOUN,VGUT,BZSTST

File Summary:
    Name	Module	Ident	Creation Date/Time
OBJ:BZMTNS      BZMTNS          1-SEP-81  11:13:26
OBJ:BZONE       BZONE           1-SEP-81  11:16:08
OBJ:BZSOUN      BZSOUN          1-SEP-81  11:22:46
OBJ:VGUT        .MAIN.          1-SEP-81  11:23:03
OBJ:BZSTST      BZSTST          1-SEP-81  11:23:09

Section Summary:
 Name   Addr   Size   Attributes     References (Files):
. ABS.  0000   7864   ABS,OVR      BZMTNS  BZONE   BZSOUN  VGUT    BZSTST  
. B     0000   00EE   REL,CON,BSE  BZONE   
. B     00EE   0011   REL,CON,BSE  BZSOUN  BZSOUN  
T2SOUN  7864   01B5   REL,OVR      BZSOUN  
        7A19   00B3   REL,CON      VGUT    
BZSTST  7ACC   052E   REL,OVR      BZSTST  

Global Symbol Summary:
 Name   Value   Name   Value   Name   Value   Name   Value   Name   Value  
ACTION  00C4   EXPTBY  3FBA   OPTON2  0C00   TSYMBL  3590   VGVTR2  7AAB   
ALLPOT  1828   GOADD   1200   PNTTBL  003D   UNDERL  33AC   VSTOP   1600   
ARCTAN  3785   GOVER   00CD   POINT   00EF   VECRAM  2000   WARNG   0010   
ATRACT  00CE   HALT    0800   POKEY   1820   VGADD   7A76   WTCHDG  1400   
BATBL   76D5   HATCH   370A   POTGO   182B   VGADD2  7A6E   XCOMP   0004   
BATINT  531F   HORIZN  3000   PTBLO1  3FCC   VGBRIT  0001   XCROSS  34CC   
BLKSND  0004   HSCTBL  0300   PWRON   7ACC   VGCNTR  7A6A   XCROS1  3500   
BOING   0002   INITLS  031E   RBEEP   0001   VGDOT   7A8A   YHIGH   1818   
BONER   0008   IZVEL   3FC6   RDRING  353C   VGHALT  7A1D   YLOW    1810   
BONTBL  3886   LIDLE   0000   SAUSND  0040   VGHEX   7A2F   ZONTBL  77CD   
CHAN1F  1820   LOGOBJ  3FF7   SAVE0   0010   VGHEXZ  7A29   $BCCNT  00EC   
CHAN1V  1821   MAIN    5000   SAVE1   0013   VGJMPL  7A49   $CCTIM  00E0   
CHAN2F  1822   MBOXIN  1860   SKCTL   182F   VGJSRL  7A5A   $CMODE  00EB   
CHAN2V  1823   MBSTAT  1800   SNDON   7985   VGLIST  0002   $CNCT   0021   
CHAN3F  1824   MISLVL  388A   SNDWRD  0015   VGMSGA  33F0   $CNSTT  00E7   
CHAN4F  1826   MODSND  79B9   SOUND   1840   VGRTSL  7A19   $COINA  0800   
CRACKS  36F8   MOOLAH  56C3   ST.BIT  0010   VGSCAL  7A83   $INTCT  003A   
DIGITS  7BA1   MOUTHI  1818   SUPBON  0080   VGSCA1  7A81   $LAM    0800   
DIGTYS  7BA0   MOUTLO  1810   TEMP1   0008   VGSIZE  0000   $LMBIT  0008   
DIGT2S  7B9E   MSTAT   1800   TEMP2   000A   VGSTAT  7A63   $LMTIM  00EA   
DISINT  0020   MTNS    3006   TEMP3   000C   VGSTA1  7A61   $PSTSL  00E4   
EOZP    00EE   NMI     558F   TLETBL  774E   VGVCTR  7AAD   $$CRDT  000E   
EXPIC   347A   OBJPNT  388E   TPOSX   002D   VGVTR   7A8E   
EXPTBX  3FAE   OPTION  0A00   TPOSY   0031   VGVTR1  7A90   

Low limit = 3000   High limit = 7FFA   
