
ATARI LINKM V05.00 LOAD MAP   10-SEP-81   15:25:01 
BIN:R2BRON.SAV 

BIN:R2BRON,R2BRON.XX=OBJ:R2BRON,RBCOIN,RBSOUN,R2GRND,VGUT,RBROM/C
RBINT

File Summary:
    Name	Module	Ident	Creation Date/Time
OBJ:R2BRON      RBARON          10-SEP-81  15:19:36
OBJ:RBCOIN      RBCOIN          10-SEP-81  15:22:38
OBJ:RBSOUN      RBSOUN          10-SEP-81  15:23:11
OBJ:R2GRND      RBGRND          10-SEP-81  15:23:25
OBJ:VGUT        .MAIN.          10-SEP-81  15:23:51
OBJ:RBROM       RBROM           10-SEP-81  15:23:58
DK1:RBINT       RBINT           10-SEP-81  15:24:05

Section Summary:
 Name   Addr   Size   Attributes     References (Files):
. ABS.  0000   70B7   ABS,OVR      R2BRON  RBCOIN  RBSOUN  R2GRND  VGUT    
                                   RBROM   RBINT   
RBCOIN  70B7   010D   REL,OVR      RBCOIN  
RBSOUN  71C4   0104   REL,OVR      RBSOUN  
RBGRND  72C8   058E   REL,OVR      R2GRND  
        7856   00B3   REL,CON      VGUT    
RBROM   7909   00D9   REL,OVR      RBROM   
RBINT   79E2   05F5   REL,OVR      RBINT   

Global Symbol Summary:
 Name   Value   Name   Value   Name   Value   Name   Value   Name   Value  
AUDCV   0000   DIGITS  7A82   INTCNT  0093   OPT1    0C00   SAVY    0086   
BANNER  79E2   DIGTYS  7A81   INTFLG  0092   O.DPTH  006F   SCOREM  4E06   
BNRBIT  0010   DIGT1S  7A7F   I.TEMP  0085   PFOCOL  77F4   SECCNT  00AC   
BNRCNT  000C   DPABS   6FB8   I4YPOS  0011   PFPNT0  7777   SETBM   747A   
BULLDE  77EB   DSPLAY  7A41   LANG    00EA   PFROTN  00C0   SETGRS  749B   
BULLT0  77BB   D.LOOP  7674   LOADRA  7A66   PLACBM  748D   SH.BIT  0004   
BULLT1  77D3   D.NMHH  1870   LODRM8  7A64   PLNABZ  755F   SLAMSN  017C   
CALCNT  0018   D.NMHL  186F   MATH    1860   PLNDB   709E   SNDON   7259   
CALFLG  0004   D.SZXD  1874   MATHST  1800   PLPROP  493E   SPIRAL  00CC   
CC.BIT  0001   EABAD   03DB   MBOXIN  1860   POINT   03B4   SSEGS   77AF   
CHKSM2  4803   EABC    00FB   MBSTAT  1800   POINTR  0007   START   4804   
CHKSM3  543E   EACNT   03DA   MESSAG  7A02   POKEY   1810   STEARO  79D0   
CHKSM4  5CC1   EACS    00FD   MM.EL   1864   POSITH  73EE   ST.BIT  0010   
CHKSM5  634D   EAFLG   00FC   MM.EM   1865   POSITP  73DC   ST.LED  00A6   
CHKSM6  68F9   EASRCE  00F8   MM.FL   1866   POTFLG  00E4   SWSTAT  00E8   
CHKSM7  70B6   EAUPD   7909   MM.FM   1867   POTIN   1818   S.FLAG  0000   
CHKSM8  7FD5   EAX     00FA   MM.XL   1868   POTMIN  00DB   S.VAL   00CF   
CM.MSK  00FF   EXPVAL  00CE   MM.XM   1869   POTUSE  00E1   TEMP1   0074   
COINCT  1000   EX.MSK  00F0   MM.YL   186A   POTVAL  00DD   TEMP2   0076   
COUNT   03CC   FIRE    1802   MM.YM   186B   PRCTIM  0148   TEMP3   0078   
CRSHSN  1808   FRAME   00AB   MODSND  7278   PROJEC  74B3   TEMP4   0081   
CURREN  03BC   FRAMES  03C4   MOOLAH  70B7   PS.BIT  0001   TESTSW  0800   
C.CNTR  0003   FRMECN  0005   MRSULT  6F80   PTRNGE  00DF   TIMER   00BB   
DB.TRP  0200   F.CNTR  0002   MSGS    31BE   PWRON   7AA5   TRIG    6ECB   
DCMPA0  76CD   GAMODE  00B2   M.SYM   1872   P.CNTR  00E3   UNIV4X  000F   
DD.DML  1875   GCOUNT  014D   NMI     72C8   P.LTCH  00E7   VCTRMP  7854   
DD.DMM  1876   GTIME   0150   NSERST  180A   RAMPTR  0005   VGADD   78B3   
DECIMA  7AED   HATCH   32FC   NUMB1   00D7   RESULT  00D7   VGADD2  78AB   
DECMAP  76D7   HORIZN  0040   OBJECT  006B   ROTABZ  756C   VGBRIT  0095   
DECODE  76DD   HSCRES  0155   OPT0    0A00   SAVX    0089   VGCNTR  78A7   

ATARI LINKM V05.00 LOAD MAP   10-SEP-81   15:25:01 
BIN:R2BRON.SAV 

VGDOT   78C7   VGROM   3000   VGVTR1  78CD   YLOW    1804   $INTCT  0093   
VGHALT  785A   VGRST   1600   VGVTR2  78E8   YPOINT  008E   $LAM    0800   
VGHEX   786C   VGRTSL  7856   WATCH   1400   ZAXIS   757A   $LMBIT  0008   
VGHEXZ  7866   VGSCAL  78C0   XAXIS   762A   $BC     00A8   $LMTIM  00F2   
VGJMPL  7886   VGSCA1  78BE   XCOMP   0013   $BCCNT  00A7   $PSTSL  00EF   
VGJSRL  7897   VGSIZE  0096   XPOINT  008C   $CCTIM  00EC   $$CRDT  00F4   
VGLIST  0005   VGSTAT  78A0   XPOS    000B   $CMODE  00EB   .BNNR   0020   
VGMSGA  316E   VGSTA1  789E   YAXIS   75E0   $CNCT   00F3   .SSEG   77B7   
VGON    1200   VGVCTR  78EA   YCOMP   0015   $CNSTT  00F5   
VGRAM   2000   VGVTR   78CB   YHIGH   1806   $COINA  0800   

Low limit = 4800   High limit = 7FD7   
